[web.cs.ucla.edu/classes/fall17/cs35L/index.html]
[backblue.gif]
[fade.gif]
[index.html]
[web.cs.ucla.edu/classes/fall17/cs35L/copyright.html]
[web.cs.ucla.edu/classes/fall17/cs35L/news.html]
[web.cs.ucla.edu/classes/fall17/cs35L/syllabus.html]
[web.cs.ucla.edu/classes/fall17/cs35L/comm.html]
[web.cs.ucla.edu/classes/fall17/cs35L/assign.html]
[web.cs.ucla.edu/classes/fall17/cs35L/grading.html]
[web.cs.ucla.edu/classes/fall17/cs35L/index.html]
[web.cs.ucla.edu/classes/fall17/cs35L/copyright.html]
[web.cs.ucla.edu/classes/fall17/cs35L/mail-eggert.html]
[web.cs.ucla.edu/classes/fall17/cs35L/assign/assign1.html]
[web.cs.ucla.edu/classes/fall17/cs35L/news.html]
[web.cs.ucla.edu/classes/fall17/cs35L/syllabus.html]
[web.cs.ucla.edu/classes/fall17/cs35L/comm.html]
[web.cs.ucla.edu/classes/fall17/cs35L/assign/assign10.html]
[web.cs.ucla.edu/classes/fall17/cs35L/assign/assign2.html]
[web.cs.ucla.edu/classes/fall17/cs35L/assign/assign3.html]
[web.cs.ucla.edu/classes/fall17/cs35L/assign/assign4.html]
[web.cs.ucla.edu/classes/fall17/cs35L/assign/assign5.html]
[web.cs.ucla.edu/classes/fall17/cs35L/assign/assign6.html]
[web.cs.ucla.edu/classes/fall17/cs35L/assign/assign7.html]
[web.cs.ucla.edu/classes/fall17/cs35L/assign/assign8.html]
[web.cs.ucla.edu/classes/fall17/cs35L/assign/assign9.html]
[web.cs.ucla.edu/classes/fall17/cs35L/assign.html]
[web.cs.ucla.edu/classes/fall17/cs35L/grading.html]
[web.cs.ucla.edu/classes/fall17/cs35L/malzantot@ucla.html]
[web.cs.ucla.edu/classes/fall17/cs35L/akabre@cs.ucla.html]
[web.cs.ucla.edu/classes/fall17/cs35L/ishaverma21@ucla.html]
[web.cs.ucla.edu/classes/fall17/cs35L/mail-eggert.html]
[web.cs.ucla.edu/classes/fall17/cs35L/assign/assign1.html]
[web.cs.ucla.edu/classes/fall17/cs35L/assign/assign10.html]
[web.cs.ucla.edu/classes/fall17/cs35L/assign/assign2.html]
[web.cs.ucla.edu/classes/fall17/cs35L/assign/randline.py]
[web.cs.ucla.edu/classes/fall17/cs35L/assign/assign3.html]
[web.cs.ucla.edu/classes/fall17/cs35L/assign/coreutils-with-bug.tar.gz]
[web.cs.ucla.edu/classes/fall17/cs35L/assign/coreutils.diff]
[web.cs.ucla.edu/classes/fall17/cs35L/assign/assign4.html]
[web.cs.ucla.edu/classes/fall17/cs35L/assign/assign5.html]
[web.cs.ucla.edu/classes/fall17/cs35L/assign/assign6.html]
[web.cs.ucla.edu/classes/fall17/cs35L/assign/assign7.html]
[web.cs.ucla.edu/classes/fall17/cs35L/assign/srt.gz]
[web.cs.ucla.edu/classes/fall17/cs35L/assign/dlskeleton.gz]
[web.cs.ucla.edu/classes/fall17/cs35L/assign/assign8.html]
[web.cs.ucla.edu/classes/fall17/cs35L/assign/diffutils-gets.diff]
[web.cs.ucla.edu/classes/fall17/cs35L/assign/assign9.html]
[web.cs.ucla.edu/classes/fall17/cs35L/assign/coreutils-with-bug.tar.gz]
